Last login: Thu Feb 13 14:16:07 on ttys000
maclab-84:~ dittb001$ ls
Desktop		Downloads	Movies		Pictures	PycharmProjects
Documents	Library		Music		Public
maclab-84:~ dittb001$ cd PycharmProjects/
maclab-84:PycharmProjects dittb001$ ls
Dittbrender-Matt
maclab-84:PycharmProjects dittb001$ cd Dittbrender-Matt/
maclab-84:Dittbrender-Matt dittb001$ ls
ExploringTheSystemOutput_Theta.txt
maclab-84:Dittbrender-Matt dittb001$ mv ExploringTheSystemOutput_Theta.txt 
usage: mv [-f | -i | -n] [-v] source target
       mv [-f | -i | -n] [-v] source ... directory
maclab-84:Dittbrender-Matt dittb001$ mv ExploringTheSystemOutput_Theta.txt WhatIsTheShellOutput_theta.txt
maclab-84:Dittbrender-Matt dittb001$ git add WhatIsTheShellOutput_theta.txt 
maclab-84:Dittbrender-Matt dittb001$ git status
On branch master
Your branch is up to date with 'origin/master'.

Changes to be committed:
  (use "git reset HEAD <file>..." to unstage)

	new file:   WhatIsTheShellOutput_theta.txt

Changes not staged for commit:
  (use "git add/rm <file>..." to update what will be committed)
  (use "git checkout -- <file>..." to discard changes in working directory)

	deleted:    ExploringTheSystemOutput_Theta.txt

Untracked files:
  (use "git add <file>..." to include in what will be committed)

	.idea/

maclab-84:Dittbrender-Matt dittb001$ git commit -m "changed name of exploring the system"
[master 5b0aa67] changed name of exploring the system
 Committer: Dittbrender <dittb001@maclab-84.uwp.edu>
Your name and email address were configured automatically based
on your username and hostname. Please check that they are accurate.
You can suppress this message by setting them explicitly. Run the
following command and follow the instructions in your editor to edit
your configuration file:

    git config --global --edit

After doing this, you may fix the identity used for this commit with:

    git commit --amend --reset-author

 1 file changed, 62 insertions(+)
 create mode 100644 WhatIsTheShellOutput_theta.txt
maclab-84:Dittbrender-Matt dittb001$ git push
Enumerating objects: 3, done.
Counting objects: 100% (3/3), done.
Delta compression using up to 6 threads
Compressing objects: 100% (2/2), done.
Writing objects: 100% (2/2), 300 bytes | 300.00 KiB/s, done.
Total 2 (delta 0), reused 0 (delta 0)
git To https://github.com/UW-ParksidePhysics/Dittbrender-Matt.git
   1f86bff..5b0aa67  master -> master
maclab-84:Dittbrender-Matt dittb001$ git status
On branch master
Your branch is up to date with 'origin/master'.

Changes not staged for commit:
  (use "git add/rm <file>..." to update what will be committed)
  (use "git checkout -- <file>..." to discard changes in working directory)

	deleted:    ExploringTheSystemOutput_Theta.txt

Untracked files:
  (use "git add <file>..." to include in what will be committed)

	.idea/

no changes added to commit (use "git add" and/or "git commit -a")
maclab-84:Dittbrender-Matt dittb001$ git rm ExploringTheSystemOutput_Theta.txt
rm 'ExploringTheSystemOutput_Theta.txt'
maclab-84:Dittbrender-Matt dittb001$ clear

maclab-84:Dittbrender-Matt dittb001$ cp -u *.html destination
cp: illegal option -- u
usage: cp [-R [-H | -L | -P]] [-fi | -n] [-apvXc] source_file target_file
       cp [-R [-H | -L | -P]] [-fi | -n] [-apvXc] source_file ... target_directory
maclab-84:Dittbrender-Matt dittb001$ mkdir directory...
maclab-84:Dittbrender-Matt dittb001$ mkdir dir1
maclab-84:Dittbrender-Matt dittb001$ mkdir dir1 dir2 dir3
mkdir: dir1: File exists
maclab-84:Dittbrender-Matt dittb001$ cp item1 item2
cp: item1: No such file or directory
maclab-84:Dittbrender-Matt dittb001$ cp item... directory
cp: item...: No such file or directory
maclab-84:Dittbrender-Matt dittb001$ cp -a
usage: cp [-R [-H | -L | -P]] [-fi | -n] [-apvXc] source_file target_file
       cp [-R [-H | -L | -P]] [-fi | -n] [-apvXc] source_file ... target_directory
maclab-84:Dittbrender-Matt dittb001$ cp -i
usage: cp [-R [-H | -L | -P]] [-fi | -n] [-apvXc] source_file target_file
       cp [-R [-H | -L | -P]] [-fi | -n] [-apvXc] source_file ... target_directory
maclab-84:Dittbrender-Matt dittb001$ cp -r
usage: cp [-R [-H | -L | -P]] [-fi | -n] [-apvXc] source_file target_file
       cp [-R [-H | -L | -P]] [-fi | -n] [-apvXc] source_file ... target_directory
maclab-84:Dittbrender-Matt dittb001$ cp -u
cp: illegal option -- u
usage: cp [-R [-H | -L | -P]] [-fi | -n] [-apvXc] source_file target_file
       cp [-R [-H | -L | -P]] [-fi | -n] [-apvXc] source_file ... target_directory
maclab-84:Dittbrender-Matt dittb001$ cp -v
usage: cp [-R [-H | -L | -P]] [-fi | -n] [-apvXc] source_file target_file
       cp [-R [-H | -L | -P]] [-fi | -n] [-apvXc] source_file ... target_directory
maclab-84:Dittbrender-Matt dittb001$ clear

maclab-84:Dittbrender-Matt dittb001$ ls
WhatIsTheShellOutput_theta.txt	dir3
dir1				directory...
dir2
maclab-84:Dittbrender-Matt dittb001$ cd dir1
maclab-84:dir1 dittb001$ cp WhatIsTheShellOutput_theta.txt
usage: cp [-R [-H | -L | -P]] [-fi | -n] [-apvXc] source_file target_file
       cp [-R [-H | -L | -P]] [-fi | -n] [-apvXc] source_file ... target_directory
maclab-84:dir1 dittb001$ ls
maclab-84:dir1 dittb001$ cd ..
maclab-84:Dittbrender-Matt dittb001$ ls
WhatIsTheShellOutput_theta.txt	dir3
dir1				directory...
dir2
maclab-84:Dittbrender-Matt dittb001$ cd dir1
maclab-84:dir1 dittb001$ ls
maclab-84:dir1 dittb001$ cd ..
maclab-84:Dittbrender-Matt dittb001$ cp dir1
usage: cp [-R [-H | -L | -P]] [-fi | -n] [-apvXc] source_file target_file
       cp [-R [-H | -L | -P]] [-fi | -n] [-apvXc] source_file ... target_directory
maclab-84:Dittbrender-Matt dittb001$ ls
WhatIsTheShellOutput_theta.txt	dir3
dir1				directory...
dir2
maclab-84:Dittbrender-Matt dittb001$ mv item1 item2
mv: rename item1 to item2: No such file or directory
maclab-84:Dittbrender-Matt dittb001$ mv item... Directory
mv: rename item... to Directory: No such file or directory
maclab-84:Dittbrender-Matt dittb001$ ln file link
ln: file: No such file or directory
maclab-84:Dittbrender-Matt dittb001$ ls
WhatIsTheShellOutput_theta.txt	dir3
dir1				directory...
dir2
maclab-84:Dittbrender-Matt dittb001$ cd 
maclab-84:~ dittb001$ mkdir playground
maclab-84:~ dittb001$ cd playground
maclab-84:playground dittb001$ mkdir dir1 dir2
maclab-84:playground dittb001$ cp /etc/passwd .
maclab-84:playground dittb001$ ls -l
total 16
drwxr-xr-x  2 dittb001  UWP\Domain Users    64 Feb 13 15:10 dir1
drwxr-xr-x  2 dittb001  UWP\Domain Users    64 Feb 13 15:10 dir2
-rw-r--r--  1 dittb001  UWP\Domain Users  6804 Feb 13 15:10 passwd
maclab-84:playground dittb001$ cp -v /etc/passwd .
/etc/passwd -> ./passwd
maclab-84:playground dittb001$ cp -i /etc/passwd .
overwrite ./passwd? (y/n [n]) mv passwd fun
not overwritten
maclab-84:playground dittb001$ mv fun dir1
mv: rename fun to dir1/fun: No such file or directory
maclab-84:playground dittb001$ mv passwd fun
maclab-84:playground dittb001$ ls
dir1	dir2	fun
maclab-84:playground dittb001$ mv fun dir1
maclab-84:playground dittb001$ mv dir1/fun dir2
maclab-84:playground dittb001$ mv dir2/fun .
maclab-84:playground dittb001$ mv fun dir1
maclab-84:playground dittb001$ mv dir1 dir2
maclab-84:playground dittb001$ ls -l dir2
total 0
drwxr-xr-x  3 dittb001  UWP\Domain Users  96 Feb 13 15:13 dir1
maclab-84:playground dittb001$ ls -l dir2/dir1
total 16
-rw-r--r--  1 dittb001  UWP\Domain Users  6804 Feb 13 15:11 fun
maclab-84:playground dittb001$ mv dir2/dir1 .
maclab-84:playground dittb001$ mv dir1/fun .
maclab-84:playground dittb001$ ln fun fun-hard
maclab-84:playground dittb001$ ln fun dir1/fun-hard
maclab-84:playground dittb001$ ln fun dir2/fun-hard
maclab-84:playground dittb001$ ls -l
total 32
drwxr-xr-x  3 dittb001  UWP\Domain Users    96 Feb 13 15:15 dir1
drwxr-xr-x  3 dittb001  UWP\Domain Users    96 Feb 13 15:15 dir2
-rw-r--r--  4 dittb001  UWP\Domain Users  6804 Feb 13 15:11 fun
-rw-r--r--  4 dittb001  UWP\Domain Users  6804 Feb 13 15:11 fun-hard
maclab-84:playground dittb001$ ls -li
total 32
5239401 drwxr-xr-x  3 dittb001  UWP\Domain Users    96 Feb 13 15:15 dir1
5239402 drwxr-xr-x  3 dittb001  UWP\Domain Users    96 Feb 13 15:15 dir2
5239403 -rw-r--r--  4 dittb001  UWP\Domain Users  6804 Feb 13 15:11 fun
5239403 -rw-r--r--  4 dittb001  UWP\Domain Users  6804 Feb 13 15:11 fun-hard
maclab-84:playground dittb001$ ln -s fun-sym
maclab-84:playground dittb001$ ln -s ../fun dir1/fun-sym
maclab-84:playground dittb001$ ln -s ../fun dir2/fun-sym
maclab-84:playground dittb001$ ls -l dir1
total 16
-rw-r--r--  4 dittb001  UWP\Domain Users  6804 Feb 13 15:11 fun-hard
lrwxr-xr-x  1 dittb001  UWP\Domain Users     6 Feb 13 15:17 fun-sym -> ../fun
maclab-84:playground dittb001$ ln -s /home/me/playground/fun dir1/fun-sym
ln: dir1/fun-sym: File exists
maclab-84:playground dittb001$ ln -s dir1 dir1-sym
maclab-84:playground dittb001$ ls -l
total 32
drwxr-xr-x  4 dittb001  UWP\Domain Users   128 Feb 13 15:17 dir1
lrwxr-xr-x  1 dittb001  UWP\Domain Users     4 Feb 13 15:18 dir1-sym -> dir1
drwxr-xr-x  4 dittb001  UWP\Domain Users   128 Feb 13 15:17 dir2
-rw-r--r--  4 dittb001  UWP\Domain Users  6804 Feb 13 15:11 fun
-rw-r--r--  4 dittb001  UWP\Domain Users  6804 Feb 13 15:11 fun-hard
lrwxr-xr-x  1 dittb001  UWP\Domain Users     7 Feb 13 15:16 fun-sym -> fun-sym
maclab-84:playground dittb001$ rm fun-hard
maclab-84:playground dittb001$ ls -l
total 16
drwxr-xr-x  4 dittb001  UWP\Domain Users   128 Feb 13 15:17 dir1
lrwxr-xr-x  1 dittb001  UWP\Domain Users     4 Feb 13 15:18 dir1-sym -> dir1
drwxr-xr-x  4 dittb001  UWP\Domain Users   128 Feb 13 15:17 dir2
-rw-r--r--  3 dittb001  UWP\Domain Users  6804 Feb 13 15:11 fun
lrwxr-xr-x  1 dittb001  UWP\Domain Users     7 Feb 13 15:16 fun-sym -> fun-sym
maclab-84:playground dittb001$ rm -i fun
remove fun? y
maclab-84:playground dittb001$ ls -l
total 0
drwxr-xr-x  4 dittb001  UWP\Domain Users  128 Feb 13 15:17 dir1
lrwxr-xr-x  1 dittb001  UWP\Domain Users    4 Feb 13 15:18 dir1-sym -> dir1
drwxr-xr-x  4 dittb001  UWP\Domain Users  128 Feb 13 15:17 dir2
lrwxr-xr-x  1 dittb001  UWP\Domain Users    7 Feb 13 15:16 fun-sym -> fun-sym
maclab-84:playground dittb001$ less fun-sym
fun-sym: Too many levels of symbolic links
maclab-84:playground dittb001$ rm fun-sym dir1-sym
maclab-84:playground dittb001$ ls -l
total 0
drwxr-xr-x  4 dittb001  UWP\Domain Users  128 Feb 13 15:17 dir1
drwxr-xr-x  4 dittb001  UWP\Domain Users  128 Feb 13 15:17 dir2
maclab-84:playground dittb001$ cd
maclab-84:~ dittb001$ rm -r playground
maclab-84:~ dittb001$ exit
logout
Saving session...
...copying shared history...
...saving history...truncating history files...
...completed.
Deleting expired sessions...none found.

[Process completed]

